// Jest Snapshot v1, https://goo.gl/fbAQLP

exports[`Tests on GifExpertApp should  1`] = `
<div>
  <h1>
    GifExpertApp
  </h1>
  <form
    aria-label="form"
  >
    <input
      placeholder="Search Gifs"
      type="text"
      value=""
    />
  </form>
  <h3 />
  <h2>
    Loading...
  </h2>
  <div
    class="card-grid"
  />
</div>
`;
