// Jest Snapshot v1, https://goo.gl/fbAQLP

exports[`Tests on GifItem should to match with the snapshot 1`] = `
<div>
  <div
    class="card"
  >
    <img
      alt="Dragon Ball"
      src="https://www.genbeta.com/"
    />
    <p>
      Dragon Ball
    </p>
  </div>
</div>
`;
